src/routes/records.ts(98,14): error TS2769: No overload matches this call.
  Overload 1 of 3, '(left: SQLiteColumn<{ name: "id"; tableName: "transactions"; dataType: "string"; columnType: "SQLiteText"; data: string; driverParam: string; notNull: true; hasDefault: true; isPrimaryKey: true; isAutoincrement: false; ... 4 more ...; generated: undefined; }, object>, right: string | SQLWrapper): SQL<...>', gave the following error.
    Argument of type 'string | string[]' is not assignable to parameter of type 'string | SQLWrapper'.
      Type 'string[]' is not assignable to type 'string | SQLWrapper'.
  Overload 2 of 3, '(left: Aliased<string | string[]>, right: string | string[] | SQLWrapper): SQL<unknown>', gave the following error.
    Argument of type 'SQLiteColumn<{ name: "id"; tableName: "transactions"; dataType: "string"; columnType: "SQLiteText"; data: string; driverParam: string; notNull: true; hasDefault: true; isPrimaryKey: true; isAutoincrement: false; ... 4 more ...; generated: undefined; }, object>' is not assignable to parameter of type 'Aliased<string | string[]>'.
      Type 'SQLiteColumn<{ name: "id"; tableName: "transactions"; dataType: "string"; columnType: "SQLiteText"; data: string; driverParam: string; notNull: true; hasDefault: true; isPrimaryKey: true; isAutoincrement: false; ... 4 more ...; generated: undefined; }, object>' is missing the following properties from type 'Aliased<string | string[]>': sql, fieldAlias
  Overload 3 of 3, '(left: never, right: unknown): SQL<unknown>', gave the following error.
    Argument of type 'SQLiteColumn<{ name: "id"; tableName: "transactions"; dataType: "string"; columnType: "SQLiteText"; data: string; driverParam: string; notNull: true; hasDefault: true; isPrimaryKey: true; isAutoincrement: false; ... 4 more ...; generated: undefined; }, object>' is not assignable to parameter of type 'never'.
